// Jest Snapshot v1, https://goo.gl/fbAQLP

exports[`PopUpMsg Component Expect to render PopUpMsg Component 1`] = `ShallowWrapper {}`;
