// Jest Snapshot v1, https://goo.gl/fbAQLP

exports[`ProfileGreet Component Expect to render ProfileGreet Component 1`] = `ShallowWrapper {}`;
