// Jest Snapshot v1, https://goo.gl/fbAQLP

exports[`Footer Component Expect to render Footer Component 1`] = `ShallowWrapper {}`;
