// Jest Snapshot v1, https://goo.gl/fbAQLP

exports[`FaceRecognition Component Expect to render ColorList Component 1`] = `Object {}`;
