// Jest Snapshot v1, https://goo.gl/fbAQLP

exports[`Menu Component Expect to render Menu Component 1`] = `ShallowWrapper {}`;
