// Jest Snapshot v1, https://goo.gl/fbAQLP

exports[`Preloader Component Expect to render Preloader Component 1`] = `ShallowWrapper {}`;
