// Jest Snapshot v1, https://goo.gl/fbAQLP

exports[`ProfileDropDown Component Expect to render ProfileDropDown Component 1`] = `ShallowWrapper {}`;
