// Jest Snapshot v1, https://goo.gl/fbAQLP

exports[`SignIn Component Expect to render SignIn Component 1`] = `ShallowWrapper {}`;
