// Jest Snapshot v1, https://goo.gl/fbAQLP

exports[`Header Component Expect to render Header Component 1`] = `ShallowWrapper {}`;
