// Jest Snapshot v1, https://goo.gl/fbAQLP

exports[`ImageCard Component Expect to render ImageCard Component 1`] = `ShallowWrapper {}`;
