// Jest Snapshot v1, https://goo.gl/fbAQLP

exports[`ImageLinkForm Component Expect to render ImageLinkForm Component 1`] = `ShallowWrapper {}`;
