// Jest Snapshot v1, https://goo.gl/fbAQLP

exports[`Profile Component Expect to render Profile Component 1`] = `ShallowWrapper {}`;
