// Jest Snapshot v1, https://goo.gl/fbAQLP

exports[`FormSubmit Component Expect to render FormSubmit Component 1`] = `ShallowWrapper {}`;
