// Jest Snapshot v1, https://goo.gl/fbAQLP

exports[`ColorList Component Expect to render ColorList Component 1`] = `ShallowWrapper {}`;
