// Jest Snapshot v1, https://goo.gl/fbAQLP

exports[`MainPage Component Expect to render MainPage Component 1`] = `ShallowWrapper {}`;
