// Jest Snapshot v1, https://goo.gl/fbAQLP

exports[`Register Component Expect to render Register Component 1`] = `ShallowWrapper {}`;
