// Jest Snapshot v1, https://goo.gl/fbAQLP

exports[`Logo Component Expect to render Logo Component 1`] = `ShallowWrapper {}`;
